MPLINK 5.08, LINKER
Linker Map File - Created Thu Feb 04 14:56:34 2016

                                 Section Info
                  Section       Type    Address   Location Size(Bytes)
                ---------  ---------  ---------  ---------  ---------
                   .org_0       code   0x000000    program   0x000002
                   .cinit    romdata   0x000001    program   0x000004
                   .org_1       code   0x000004    program   0x000266
.config_2007_BUILD/DEFAULT/PRODUCTION/MAIN.O       code   0x002007    program   0x000002



                              Program Memory Usage 
                               Start         End      
                           ---------   ---------      
                            0x000000    0x000002      
                            0x000004    0x000136      
                            0x002007    0x002007      
            311 out of 8454 program addresses used, program memory utilization is 3%



                              Symbols - Sorted by Name
                     Name    Address   Location    Storage File                     
                ---------  ---------  ---------  --------- ---------                
                CALIBRATE   0x00002c    program     static C:\Users\Omar Abdeldayem\Desktop\NSCI\YEAR2\SEM2\AER201\MCU\aer201-mcu\main.X\main.asm
                  CLR_LCD   0x00010e    program     static C:\Users\Omar Abdeldayem\Desktop\NSCI\YEAR2\SEM2\AER201\MCU\aer201-mcu\main.X\main.asm
                   ClkLCD   0x000114    program     static C:\Users\Omar Abdeldayem\Desktop\NSCI\YEAR2\SEM2\AER201\MCU\aer201-mcu\main.X\main.asm
                DATA_LOOP   0x000060    program     static C:\Users\Omar Abdeldayem\Desktop\NSCI\YEAR2\SEM2\AER201\MCU\aer201-mcu\main.X\main.asm
                  END_ISR   0x00003e    program     static C:\Users\Omar Abdeldayem\Desktop\NSCI\YEAR2\SEM2\AER201\MCU\aer201-mcu\main.X\main.asm
                   FINISH   0x000136    program     static C:\Users\Omar Abdeldayem\Desktop\NSCI\YEAR2\SEM2\AER201\MCU\aer201-mcu\main.X\main.asm
                     INIT   0x000005    program     static C:\Users\Omar Abdeldayem\Desktop\NSCI\YEAR2\SEM2\AER201\MCU\aer201-mcu\main.X\main.asm
              INT_HANDLER   0x000033    program     static C:\Users\Omar Abdeldayem\Desktop\NSCI\YEAR2\SEM2\AER201\MCU\aer201-mcu\main.X\main.asm
                  LCD_CMD   0x0000fe    program     static C:\Users\Omar Abdeldayem\Desktop\NSCI\YEAR2\SEM2\AER201\MCU\aer201-mcu\main.X\main.asm
                 LCD_INIT   0x000085    program     static C:\Users\Omar Abdeldayem\Desktop\NSCI\YEAR2\SEM2\AER201\MCU\aer201-mcu\main.X\main.asm
           LCD_LONG_DELAY   0x00012d    program     static C:\Users\Omar Abdeldayem\Desktop\NSCI\YEAR2\SEM2\AER201\MCU\aer201-mcu\main.X\main.asm
                  LD_LOOP   0x000126    program     static C:\Users\Omar Abdeldayem\Desktop\NSCI\YEAR2\SEM2\AER201\MCU\aer201-mcu\main.X\main.asm
                 LLD_LOOP   0x00012f    program     static C:\Users\Omar Abdeldayem\Desktop\NSCI\YEAR2\SEM2\AER201\MCU\aer201-mcu\main.X\main.asm
                 LONG_DLY   0x000124    program     static C:\Users\Omar Abdeldayem\Desktop\NSCI\YEAR2\SEM2\AER201\MCU\aer201-mcu\main.X\main.asm
             MISALIGN_ISR   0x00003e    program     static C:\Users\Omar Abdeldayem\Desktop\NSCI\YEAR2\SEM2\AER201\MCU\aer201-mcu\main.X\main.asm
                   MovMSB   0x00011f    program     static C:\Users\Omar Abdeldayem\Desktop\NSCI\YEAR2\SEM2\AER201\MCU\aer201-mcu\main.X\main.asm
                  PIN_ISR   0x00003d    program     static C:\Users\Omar Abdeldayem\Desktop\NSCI\YEAR2\SEM2\AER201\MCU\aer201-mcu\main.X\main.asm
                     SCAN   0x00002f    program     static C:\Users\Omar Abdeldayem\Desktop\NSCI\YEAR2\SEM2\AER201\MCU\aer201-mcu\main.X\main.asm
                SHIFT_LCD   0x000105    program     static C:\Users\Omar Abdeldayem\Desktop\NSCI\YEAR2\SEM2\AER201\MCU\aer201-mcu\main.X\main.asm
                START_MSG   0x0000a7    program     static C:\Users\Omar Abdeldayem\Desktop\NSCI\YEAR2\SEM2\AER201\MCU\aer201-mcu\main.X\main.asm
              START_STDBY   0x000020    program     static C:\Users\Omar Abdeldayem\Desktop\NSCI\YEAR2\SEM2\AER201\MCU\aer201-mcu\main.X\main.asm
                STOP_DATA   0x000044    program     static C:\Users\Omar Abdeldayem\Desktop\NSCI\YEAR2\SEM2\AER201\MCU\aer201-mcu\main.X\main.asm
               STOP_STDBY   0x00003e    program     static C:\Users\Omar Abdeldayem\Desktop\NSCI\YEAR2\SEM2\AER201\MCU\aer201-mcu\main.X\main.asm
           STOP_STDBY_MSG   0x0000c4    program     static C:\Users\Omar Abdeldayem\Desktop\NSCI\YEAR2\SEM2\AER201\MCU\aer201-mcu\main.X\main.asm
                 WRT_DATA   0x0000e1    program     static C:\Users\Omar Abdeldayem\Desktop\NSCI\YEAR2\SEM2\AER201\MCU\aer201-mcu\main.X\main.asm
             _.org_1_0026   0x000026    program     static C:\Users\Omar Abdeldayem\Desktop\NSCI\YEAR2\SEM2\AER201\MCU\aer201-mcu\main.X\main.asm
             _.org_1_0117   0x000117    program     static C:\Users\Omar Abdeldayem\Desktop\NSCI\YEAR2\SEM2\AER201\MCU\aer201-mcu\main.X\main.asm
             _.org_1_011C   0x00011c    program     static C:\Users\Omar Abdeldayem\Desktop\NSCI\YEAR2\SEM2\AER201\MCU\aer201-mcu\main.X\main.asm
             _.org_1_0129   0x000129    program     static C:\Users\Omar Abdeldayem\Desktop\NSCI\YEAR2\SEM2\AER201\MCU\aer201-mcu\main.X\main.asm
             _.org_1_0132   0x000132    program     static C:\Users\Omar Abdeldayem\Desktop\NSCI\YEAR2\SEM2\AER201\MCU\aer201-mcu\main.X\main.asm



                              Symbols - Sorted by Address
                     Name    Address   Location    Storage File                     
                ---------  ---------  ---------  --------- ---------                
                     INIT   0x000005    program     static C:\Users\Omar Abdeldayem\Desktop\NSCI\YEAR2\SEM2\AER201\MCU\aer201-mcu\main.X\main.asm
              START_STDBY   0x000020    program     static C:\Users\Omar Abdeldayem\Desktop\NSCI\YEAR2\SEM2\AER201\MCU\aer201-mcu\main.X\main.asm
             _.org_1_0026   0x000026    program     static C:\Users\Omar Abdeldayem\Desktop\NSCI\YEAR2\SEM2\AER201\MCU\aer201-mcu\main.X\main.asm
                CALIBRATE   0x00002c    program     static C:\Users\Omar Abdeldayem\Desktop\NSCI\YEAR2\SEM2\AER201\MCU\aer201-mcu\main.X\main.asm
                     SCAN   0x00002f    program     static C:\Users\Omar Abdeldayem\Desktop\NSCI\YEAR2\SEM2\AER201\MCU\aer201-mcu\main.X\main.asm
              INT_HANDLER   0x000033    program     static C:\Users\Omar Abdeldayem\Desktop\NSCI\YEAR2\SEM2\AER201\MCU\aer201-mcu\main.X\main.asm
                  PIN_ISR   0x00003d    program     static C:\Users\Omar Abdeldayem\Desktop\NSCI\YEAR2\SEM2\AER201\MCU\aer201-mcu\main.X\main.asm
                  END_ISR   0x00003e    program     static C:\Users\Omar Abdeldayem\Desktop\NSCI\YEAR2\SEM2\AER201\MCU\aer201-mcu\main.X\main.asm
               STOP_STDBY   0x00003e    program     static C:\Users\Omar Abdeldayem\Desktop\NSCI\YEAR2\SEM2\AER201\MCU\aer201-mcu\main.X\main.asm
             MISALIGN_ISR   0x00003e    program     static C:\Users\Omar Abdeldayem\Desktop\NSCI\YEAR2\SEM2\AER201\MCU\aer201-mcu\main.X\main.asm
                STOP_DATA   0x000044    program     static C:\Users\Omar Abdeldayem\Desktop\NSCI\YEAR2\SEM2\AER201\MCU\aer201-mcu\main.X\main.asm
                DATA_LOOP   0x000060    program     static C:\Users\Omar Abdeldayem\Desktop\NSCI\YEAR2\SEM2\AER201\MCU\aer201-mcu\main.X\main.asm
                 LCD_INIT   0x000085    program     static C:\Users\Omar Abdeldayem\Desktop\NSCI\YEAR2\SEM2\AER201\MCU\aer201-mcu\main.X\main.asm
                START_MSG   0x0000a7    program     static C:\Users\Omar Abdeldayem\Desktop\NSCI\YEAR2\SEM2\AER201\MCU\aer201-mcu\main.X\main.asm
           STOP_STDBY_MSG   0x0000c4    program     static C:\Users\Omar Abdeldayem\Desktop\NSCI\YEAR2\SEM2\AER201\MCU\aer201-mcu\main.X\main.asm
                 WRT_DATA   0x0000e1    program     static C:\Users\Omar Abdeldayem\Desktop\NSCI\YEAR2\SEM2\AER201\MCU\aer201-mcu\main.X\main.asm
                  LCD_CMD   0x0000fe    program     static C:\Users\Omar Abdeldayem\Desktop\NSCI\YEAR2\SEM2\AER201\MCU\aer201-mcu\main.X\main.asm
                SHIFT_LCD   0x000105    program     static C:\Users\Omar Abdeldayem\Desktop\NSCI\YEAR2\SEM2\AER201\MCU\aer201-mcu\main.X\main.asm
                  CLR_LCD   0x00010e    program     static C:\Users\Omar Abdeldayem\Desktop\NSCI\YEAR2\SEM2\AER201\MCU\aer201-mcu\main.X\main.asm
                   ClkLCD   0x000114    program     static C:\Users\Omar Abdeldayem\Desktop\NSCI\YEAR2\SEM2\AER201\MCU\aer201-mcu\main.X\main.asm
             _.org_1_0117   0x000117    program     static C:\Users\Omar Abdeldayem\Desktop\NSCI\YEAR2\SEM2\AER201\MCU\aer201-mcu\main.X\main.asm
             _.org_1_011C   0x00011c    program     static C:\Users\Omar Abdeldayem\Desktop\NSCI\YEAR2\SEM2\AER201\MCU\aer201-mcu\main.X\main.asm
                   MovMSB   0x00011f    program     static C:\Users\Omar Abdeldayem\Desktop\NSCI\YEAR2\SEM2\AER201\MCU\aer201-mcu\main.X\main.asm
                 LONG_DLY   0x000124    program     static C:\Users\Omar Abdeldayem\Desktop\NSCI\YEAR2\SEM2\AER201\MCU\aer201-mcu\main.X\main.asm
                  LD_LOOP   0x000126    program     static C:\Users\Omar Abdeldayem\Desktop\NSCI\YEAR2\SEM2\AER201\MCU\aer201-mcu\main.X\main.asm
             _.org_1_0129   0x000129    program     static C:\Users\Omar Abdeldayem\Desktop\NSCI\YEAR2\SEM2\AER201\MCU\aer201-mcu\main.X\main.asm
           LCD_LONG_DELAY   0x00012d    program     static C:\Users\Omar Abdeldayem\Desktop\NSCI\YEAR2\SEM2\AER201\MCU\aer201-mcu\main.X\main.asm
                 LLD_LOOP   0x00012f    program     static C:\Users\Omar Abdeldayem\Desktop\NSCI\YEAR2\SEM2\AER201\MCU\aer201-mcu\main.X\main.asm
             _.org_1_0132   0x000132    program     static C:\Users\Omar Abdeldayem\Desktop\NSCI\YEAR2\SEM2\AER201\MCU\aer201-mcu\main.X\main.asm
                   FINISH   0x000136    program     static C:\Users\Omar Abdeldayem\Desktop\NSCI\YEAR2\SEM2\AER201\MCU\aer201-mcu\main.X\main.asm


