MPLINK 5.08, LINKER
Linker Map File - Created Thu Mar 24 11:48:37 2016

                                 Section Info
                  Section       Type    Address   Location Size(Bytes)
                ---------  ---------  ---------  ---------  ---------
                   .org_0       code   0x000000    program   0x000002
                   .cinit    romdata   0x000001    program   0x000004
                   .org_1       code   0x000004    program   0x000582
                    .code       code   0x0002c5    program   0x000290
.config_2007_BUILD/DEFAULT/DEBUG/MAIN.O       code   0x002007    program   0x000002
               .udata_shr      udata   0x000070       data   0x000005



                              Program Memory Usage 
                               Start         End      
                           ---------   ---------      
                            0x000000    0x000002      
                            0x000004    0x00040c      
                            0x002007    0x002007      
            1037 out of 8454 program addresses used, program memory utilization is 12%



                              Symbols - Sorted by Name
                     Name    Address   Location    Storage File                     
                ---------  ---------  ---------  --------- ---------                
                ARM_CLOSE   0x0000a5    program     static C:\Users\Omar Abdeldayem\Desktop\NSCI\YEAR2\SEM2\AER201\MCU\aer201-mcu\main.X\main.asm
                 ARM_CTRL   0x0000a0    program     static C:\Users\Omar Abdeldayem\Desktop\NSCI\YEAR2\SEM2\AER201\MCU\aer201-mcu\main.X\main.asm
                 ARM_OPEN   0x0000ad    program     static C:\Users\Omar Abdeldayem\Desktop\NSCI\YEAR2\SEM2\AER201\MCU\aer201-mcu\main.X\main.asm
                   BORROW   0x000288    program     static C:\Users\Omar Abdeldayem\Desktop\NSCI\YEAR2\SEM2\AER201\MCU\aer201-mcu\main.X\main.asm
                CALIBRATE   0x00003a    program     static C:\Users\Omar Abdeldayem\Desktop\NSCI\YEAR2\SEM2\AER201\MCU\aer201-mcu\main.X\main.asm
                  CLR_LCD   0x0002e3    program     extern C:\Users\Omar Abdeldayem\Desktop\NSCI\YEAR2\SEM2\AER201\MCU\aer201-mcu\main.X\lcd.asm
                DATA_LOOP   0x00012a    program     static C:\Users\Omar Abdeldayem\Desktop\NSCI\YEAR2\SEM2\AER201\MCU\aer201-mcu\main.X\main.asm
                 DEL_10MS   0x00029e    program     static C:\Users\Omar Abdeldayem\Desktop\NSCI\YEAR2\SEM2\AER201\MCU\aer201-mcu\main.X\main.asm
               DEL_10MS_0   0x0002a2    program     static C:\Users\Omar Abdeldayem\Desktop\NSCI\YEAR2\SEM2\AER201\MCU\aer201-mcu\main.X\main.asm
                   DEL_1S   0x00028f    program     static C:\Users\Omar Abdeldayem\Desktop\NSCI\YEAR2\SEM2\AER201\MCU\aer201-mcu\main.X\main.asm
                 DEL_1S_0   0x000295    program     static C:\Users\Omar Abdeldayem\Desktop\NSCI\YEAR2\SEM2\AER201\MCU\aer201-mcu\main.X\main.asm
                DEL_1_5MS   0x0002b4    program     static C:\Users\Omar Abdeldayem\Desktop\NSCI\YEAR2\SEM2\AER201\MCU\aer201-mcu\main.X\main.asm
              DEL_1_5MS_0   0x0002b8    program     static C:\Users\Omar Abdeldayem\Desktop\NSCI\YEAR2\SEM2\AER201\MCU\aer201-mcu\main.X\main.asm
                 DEL_20US   0x0002bf    program     static C:\Users\Omar Abdeldayem\Desktop\NSCI\YEAR2\SEM2\AER201\MCU\aer201-mcu\main.X\main.asm
               DEL_20US_0   0x0002c1    program     static C:\Users\Omar Abdeldayem\Desktop\NSCI\YEAR2\SEM2\AER201\MCU\aer201-mcu\main.X\main.asm
                DEL_2_1MS   0x0002a9    program     static C:\Users\Omar Abdeldayem\Desktop\NSCI\YEAR2\SEM2\AER201\MCU\aer201-mcu\main.X\main.asm
              DEL_2_1MS_0   0x0002ad    program     static C:\Users\Omar Abdeldayem\Desktop\NSCI\YEAR2\SEM2\AER201\MCU\aer201-mcu\main.X\main.asm
                  DIV16X8   0x000282    program     static C:\Users\Omar Abdeldayem\Desktop\NSCI\YEAR2\SEM2\AER201\MCU\aer201-mcu\main.X\main.asm
                    DIV_1   0x000283    program     static C:\Users\Omar Abdeldayem\Desktop\NSCI\YEAR2\SEM2\AER201\MCU\aer201-mcu\main.X\main.asm
                    DIV_2   0x00028c    program     static C:\Users\Omar Abdeldayem\Desktop\NSCI\YEAR2\SEM2\AER201\MCU\aer201-mcu\main.X\main.asm
                 DIV_DONE   0x00028e    program     static C:\Users\Omar Abdeldayem\Desktop\NSCI\YEAR2\SEM2\AER201\MCU\aer201-mcu\main.X\main.asm
             FINAL_BACKUP   0x000059    program     static C:\Users\Omar Abdeldayem\Desktop\NSCI\YEAR2\SEM2\AER201\MCU\aer201-mcu\main.X\main.asm
                   FINISH   0x0002c4    program     static C:\Users\Omar Abdeldayem\Desktop\NSCI\YEAR2\SEM2\AER201\MCU\aer201-mcu\main.X\main.asm
           GET_START_TIME   0x000185    program     static C:\Users\Omar Abdeldayem\Desktop\NSCI\YEAR2\SEM2\AER201\MCU\aer201-mcu\main.X\main.asm
            GET_STOP_TIME   0x0001a0    program     static C:\Users\Omar Abdeldayem\Desktop\NSCI\YEAR2\SEM2\AER201\MCU\aer201-mcu\main.X\main.asm
                     INIT   0x000005    program     static C:\Users\Omar Abdeldayem\Desktop\NSCI\YEAR2\SEM2\AER201\MCU\aer201-mcu\main.X\main.asm
              INT_HANDLER   0x000069    program     static C:\Users\Omar Abdeldayem\Desktop\NSCI\YEAR2\SEM2\AER201\MCU\aer201-mcu\main.X\main.asm
                  InitLCD   0x0002c5    program     extern C:\Users\Omar Abdeldayem\Desktop\NSCI\YEAR2\SEM2\AER201\MCU\aer201-mcu\main.X\lcd.asm
                 LLD_LOOP   0x000308    program     static C:\Users\Omar Abdeldayem\Desktop\NSCI\YEAR2\SEM2\AER201\MCU\aer201-mcu\main.X\lcd.asm
             MOTOR_CTRL_L   0x0000ee    program     static C:\Users\Omar Abdeldayem\Desktop\NSCI\YEAR2\SEM2\AER201\MCU\aer201-mcu\main.X\main.asm
             MOTOR_CTRL_R   0x0000e0    program     static C:\Users\Omar Abdeldayem\Desktop\NSCI\YEAR2\SEM2\AER201\MCU\aer201-mcu\main.X\main.asm
                  MX_LOOP   0x000076    program     static C:\Users\Omar Abdeldayem\Desktop\NSCI\YEAR2\SEM2\AER201\MCU\aer201-mcu\main.X\main.asm
                  NO_SPOT   0x000095    program     static C:\Users\Omar Abdeldayem\Desktop\NSCI\YEAR2\SEM2\AER201\MCU\aer201-mcu\main.X\main.asm
                   RD_END   0x0003a5    program     static C:\Users\Omar Abdeldayem\Desktop\NSCI\YEAR2\SEM2\AER201\MCU\aer201-mcu\main.X\i2c_common.asm
                   RD_ERR   0x0003a4    program     static C:\Users\Omar Abdeldayem\Desktop\NSCI\YEAR2\SEM2\AER201\MCU\aer201-mcu\main.X\i2c_common.asm
                 READ_IRS   0x000074    program     static C:\Users\Omar Abdeldayem\Desktop\NSCI\YEAR2\SEM2\AER201\MCU\aer201-mcu\main.X\main.asm
              RETURN_HOME   0x000050    program     static C:\Users\Omar Abdeldayem\Desktop\NSCI\YEAR2\SEM2\AER201\MCU\aer201-mcu\main.X\main.asm
                    R_END   0x000407    program     static C:\Users\Omar Abdeldayem\Desktop\NSCI\YEAR2\SEM2\AER201\MCU\aer201-mcu\main.X\i2c_common.asm
                     SCAN   0x000045    program     static C:\Users\Omar Abdeldayem\Desktop\NSCI\YEAR2\SEM2\AER201\MCU\aer201-mcu\main.X\main.asm
             SET_RTC_TIME   0x00021a    program     static C:\Users\Omar Abdeldayem\Desktop\NSCI\YEAR2\SEM2\AER201\MCU\aer201-mcu\main.X\main.asm
                 SHOW_RTC   0x0001bb    program     static C:\Users\Omar Abdeldayem\Desktop\NSCI\YEAR2\SEM2\AER201\MCU\aer201-mcu\main.X\main.asm
                START_MSG   0x000131    program     static C:\Users\Omar Abdeldayem\Desktop\NSCI\YEAR2\SEM2\AER201\MCU\aer201-mcu\main.X\main.asm
              START_STDBY   0x00002d    program     static C:\Users\Omar Abdeldayem\Desktop\NSCI\YEAR2\SEM2\AER201\MCU\aer201-mcu\main.X\main.asm
                STOP_DATA   0x0000fa    program     static C:\Users\Omar Abdeldayem\Desktop\NSCI\YEAR2\SEM2\AER201\MCU\aer201-mcu\main.X\main.asm
               STOP_STDBY   0x00005e    program     static C:\Users\Omar Abdeldayem\Desktop\NSCI\YEAR2\SEM2\AER201\MCU\aer201-mcu\main.X\main.asm
           STOP_STDBY_MSG   0x00014e    program     static C:\Users\Omar Abdeldayem\Desktop\NSCI\YEAR2\SEM2\AER201\MCU\aer201-mcu\main.X\main.asm
                  USHOLDL   0x0000bc    program     static C:\Users\Omar Abdeldayem\Desktop\NSCI\YEAR2\SEM2\AER201\MCU\aer201-mcu\main.X\main.asm
                  USHOLDS   0x0000d1    program     static C:\Users\Omar Abdeldayem\Desktop\NSCI\YEAR2\SEM2\AER201\MCU\aer201-mcu\main.X\main.asm
               USONIC_LAT   0x0000cb    program     static C:\Users\Omar Abdeldayem\Desktop\NSCI\YEAR2\SEM2\AER201\MCU\aer201-mcu\main.X\main.asm
          USONIC_LAT_ECHO   0x0000ce    program     static C:\Users\Omar Abdeldayem\Desktop\NSCI\YEAR2\SEM2\AER201\MCU\aer201-mcu\main.X\main.asm
               USONIC_SUP   0x0000b6    program     static C:\Users\Omar Abdeldayem\Desktop\NSCI\YEAR2\SEM2\AER201\MCU\aer201-mcu\main.X\main.asm
          USONIC_SUP_ECHO   0x0000b9    program     static C:\Users\Omar Abdeldayem\Desktop\NSCI\YEAR2\SEM2\AER201\MCU\aer201-mcu\main.X\main.asm
                  WHL_ENC   0x000099    program     static C:\Users\Omar Abdeldayem\Desktop\NSCI\YEAR2\SEM2\AER201\MCU\aer201-mcu\main.X\main.asm
                 WRT_DATA   0x00016b    program     static C:\Users\Omar Abdeldayem\Desktop\NSCI\YEAR2\SEM2\AER201\MCU\aer201-mcu\main.X\main.asm
                  WR_DATA   0x0002f5    program     extern C:\Users\Omar Abdeldayem\Desktop\NSCI\YEAR2\SEM2\AER201\MCU\aer201-mcu\main.X\lcd.asm
                   WR_END   0x000356    program     static C:\Users\Omar Abdeldayem\Desktop\NSCI\YEAR2\SEM2\AER201\MCU\aer201-mcu\main.X\i2c_common.asm
                   WR_ERR   0x000355    program     static C:\Users\Omar Abdeldayem\Desktop\NSCI\YEAR2\SEM2\AER201\MCU\aer201-mcu\main.X\i2c_common.asm
                   WR_INS   0x0002e6    program     extern C:\Users\Omar Abdeldayem\Desktop\NSCI\YEAR2\SEM2\AER201\MCU\aer201-mcu\main.X\lcd.asm
                    W_END   0x0003dd    program     static C:\Users\Omar Abdeldayem\Desktop\NSCI\YEAR2\SEM2\AER201\MCU\aer201-mcu\main.X\i2c_common.asm
              _.code_0010   0x00031f    program     static C:\Users\Omar Abdeldayem\Desktop\NSCI\YEAR2\SEM2\AER201\MCU\aer201-mcu\main.X\i2c_common.asm
              _.code_0016   0x000325    program     static C:\Users\Omar Abdeldayem\Desktop\NSCI\YEAR2\SEM2\AER201\MCU\aer201-mcu\main.X\i2c_common.asm
              _.code_001E   0x00032d    program     static C:\Users\Omar Abdeldayem\Desktop\NSCI\YEAR2\SEM2\AER201\MCU\aer201-mcu\main.X\i2c_common.asm
              _.code_002E   0x00033d    program     static C:\Users\Omar Abdeldayem\Desktop\NSCI\YEAR2\SEM2\AER201\MCU\aer201-mcu\main.X\i2c_common.asm
              _.code_003E   0x00034d    program     static C:\Users\Omar Abdeldayem\Desktop\NSCI\YEAR2\SEM2\AER201\MCU\aer201-mcu\main.X\i2c_common.asm
              _.code_0046   0x00030b    program     static C:\Users\Omar Abdeldayem\Desktop\NSCI\YEAR2\SEM2\AER201\MCU\aer201-mcu\main.X\lcd.asm
              _.code_004B   0x00035a    program     static C:\Users\Omar Abdeldayem\Desktop\NSCI\YEAR2\SEM2\AER201\MCU\aer201-mcu\main.X\i2c_common.asm
              _.code_0051   0x000360    program     static C:\Users\Omar Abdeldayem\Desktop\NSCI\YEAR2\SEM2\AER201\MCU\aer201-mcu\main.X\i2c_common.asm
              _.code_0059   0x000368    program     static C:\Users\Omar Abdeldayem\Desktop\NSCI\YEAR2\SEM2\AER201\MCU\aer201-mcu\main.X\i2c_common.asm
              _.code_0069   0x000378    program     static C:\Users\Omar Abdeldayem\Desktop\NSCI\YEAR2\SEM2\AER201\MCU\aer201-mcu\main.X\i2c_common.asm
              _.code_0074   0x000383    program     static C:\Users\Omar Abdeldayem\Desktop\NSCI\YEAR2\SEM2\AER201\MCU\aer201-mcu\main.X\i2c_common.asm
              _.code_007C   0x00038b    program     static C:\Users\Omar Abdeldayem\Desktop\NSCI\YEAR2\SEM2\AER201\MCU\aer201-mcu\main.X\i2c_common.asm
              _.code_0087   0x000396    program     static C:\Users\Omar Abdeldayem\Desktop\NSCI\YEAR2\SEM2\AER201\MCU\aer201-mcu\main.X\i2c_common.asm
              _.code_0093   0x0003a2    program     static C:\Users\Omar Abdeldayem\Desktop\NSCI\YEAR2\SEM2\AER201\MCU\aer201-mcu\main.X\i2c_common.asm
              _.code_009A   0x0003a9    program     static C:\Users\Omar Abdeldayem\Desktop\NSCI\YEAR2\SEM2\AER201\MCU\aer201-mcu\main.X\i2c_common.asm
              _.code_00AE   0x0003bd    program     static C:\Users\Omar Abdeldayem\Desktop\NSCI\YEAR2\SEM2\AER201\MCU\aer201-mcu\main.X\i2c_common.asm
              _.code_00B6   0x0003c5    program     static C:\Users\Omar Abdeldayem\Desktop\NSCI\YEAR2\SEM2\AER201\MCU\aer201-mcu\main.X\i2c_common.asm
              _.code_00C6   0x0003d5    program     static C:\Users\Omar Abdeldayem\Desktop\NSCI\YEAR2\SEM2\AER201\MCU\aer201-mcu\main.X\i2c_common.asm
              _.code_00D2   0x0003e1    program     static C:\Users\Omar Abdeldayem\Desktop\NSCI\YEAR2\SEM2\AER201\MCU\aer201-mcu\main.X\i2c_common.asm
              _.code_00D8   0x0003e7    program     static C:\Users\Omar Abdeldayem\Desktop\NSCI\YEAR2\SEM2\AER201\MCU\aer201-mcu\main.X\i2c_common.asm
              _.code_00E0   0x0003ef    program     static C:\Users\Omar Abdeldayem\Desktop\NSCI\YEAR2\SEM2\AER201\MCU\aer201-mcu\main.X\i2c_common.asm
              _.code_00EB   0x0003fa    program     static C:\Users\Omar Abdeldayem\Desktop\NSCI\YEAR2\SEM2\AER201\MCU\aer201-mcu\main.X\i2c_common.asm
              _.code_00F7   0x000406    program     static C:\Users\Omar Abdeldayem\Desktop\NSCI\YEAR2\SEM2\AER201\MCU\aer201-mcu\main.X\i2c_common.asm
              _.code_00FC   0x00040b    program     static C:\Users\Omar Abdeldayem\Desktop\NSCI\YEAR2\SEM2\AER201\MCU\aer201-mcu\main.X\i2c_common.asm
             _.org_1_0033   0x000033    program     static C:\Users\Omar Abdeldayem\Desktop\NSCI\YEAR2\SEM2\AER201\MCU\aer201-mcu\main.X\main.asm
             _.org_1_0064   0x000064    program     static C:\Users\Omar Abdeldayem\Desktop\NSCI\YEAR2\SEM2\AER201\MCU\aer201-mcu\main.X\main.asm
             _.org_1_00BA   0x0000ba    program     static C:\Users\Omar Abdeldayem\Desktop\NSCI\YEAR2\SEM2\AER201\MCU\aer201-mcu\main.X\main.asm
             _.org_1_00CF   0x0000cf    program     static C:\Users\Omar Abdeldayem\Desktop\NSCI\YEAR2\SEM2\AER201\MCU\aer201-mcu\main.X\main.asm
             _.org_1_0296   0x000296    program     static C:\Users\Omar Abdeldayem\Desktop\NSCI\YEAR2\SEM2\AER201\MCU\aer201-mcu\main.X\main.asm
             _.org_1_0298   0x000298    program     static C:\Users\Omar Abdeldayem\Desktop\NSCI\YEAR2\SEM2\AER201\MCU\aer201-mcu\main.X\main.asm
             _.org_1_029B   0x00029b    program     static C:\Users\Omar Abdeldayem\Desktop\NSCI\YEAR2\SEM2\AER201\MCU\aer201-mcu\main.X\main.asm
             _.org_1_029C   0x00029c    program     static C:\Users\Omar Abdeldayem\Desktop\NSCI\YEAR2\SEM2\AER201\MCU\aer201-mcu\main.X\main.asm
             _.org_1_02A3   0x0002a3    program     static C:\Users\Omar Abdeldayem\Desktop\NSCI\YEAR2\SEM2\AER201\MCU\aer201-mcu\main.X\main.asm
             _.org_1_02A6   0x0002a6    program     static C:\Users\Omar Abdeldayem\Desktop\NSCI\YEAR2\SEM2\AER201\MCU\aer201-mcu\main.X\main.asm
             _.org_1_02AE   0x0002ae    program     static C:\Users\Omar Abdeldayem\Desktop\NSCI\YEAR2\SEM2\AER201\MCU\aer201-mcu\main.X\main.asm
             _.org_1_02B1   0x0002b1    program     static C:\Users\Omar Abdeldayem\Desktop\NSCI\YEAR2\SEM2\AER201\MCU\aer201-mcu\main.X\main.asm
             _.org_1_02B9   0x0002b9    program     static C:\Users\Omar Abdeldayem\Desktop\NSCI\YEAR2\SEM2\AER201\MCU\aer201-mcu\main.X\main.asm
             _.org_1_02BC   0x0002bc    program     static C:\Users\Omar Abdeldayem\Desktop\NSCI\YEAR2\SEM2\AER201\MCU\aer201-mcu\main.X\main.asm
         i2c_common_setup   0x00030f    program     extern C:\Users\Omar Abdeldayem\Desktop\NSCI\YEAR2\SEM2\AER201\MCU\aer201-mcu\main.X\i2c_common.asm
             lcdLongDelay   0x000306    program     static C:\Users\Omar Abdeldayem\Desktop\NSCI\YEAR2\SEM2\AER201\MCU\aer201-mcu\main.X\lcd.asm
                 p2p_read   0x0003e3    program     extern C:\Users\Omar Abdeldayem\Desktop\NSCI\YEAR2\SEM2\AER201\MCU\aer201-mcu\main.X\i2c_common.asm
                p2p_write   0x0003b9    program     extern C:\Users\Omar Abdeldayem\Desktop\NSCI\YEAR2\SEM2\AER201\MCU\aer201-mcu\main.X\i2c_common.asm
                 read_rtc   0x00035c    program     extern C:\Users\Omar Abdeldayem\Desktop\NSCI\YEAR2\SEM2\AER201\MCU\aer201-mcu\main.X\i2c_common.asm
              rtc_convert   0x0003ab    program     extern C:\Users\Omar Abdeldayem\Desktop\NSCI\YEAR2\SEM2\AER201\MCU\aer201-mcu\main.X\i2c_common.asm
                write_rtc   0x000321    program     extern C:\Users\Omar Abdeldayem\Desktop\NSCI\YEAR2\SEM2\AER201\MCU\aer201-mcu\main.X\i2c_common.asm
                      com   0x000073       data     static C:\Users\Omar Abdeldayem\Desktop\NSCI\YEAR2\SEM2\AER201\MCU\aer201-mcu\main.X\lcd.asm
                      dat   0x000074       data     static C:\Users\Omar Abdeldayem\Desktop\NSCI\YEAR2\SEM2\AER201\MCU\aer201-mcu\main.X\lcd.asm
                   lcd_d1   0x000071       data     static C:\Users\Omar Abdeldayem\Desktop\NSCI\YEAR2\SEM2\AER201\MCU\aer201-mcu\main.X\lcd.asm
                   lcd_d2   0x000072       data     static C:\Users\Omar Abdeldayem\Desktop\NSCI\YEAR2\SEM2\AER201\MCU\aer201-mcu\main.X\lcd.asm
                  lcd_tmp   0x000070       data     static C:\Users\Omar Abdeldayem\Desktop\NSCI\YEAR2\SEM2\AER201\MCU\aer201-mcu\main.X\lcd.asm



                              Symbols - Sorted by Address
                     Name    Address   Location    Storage File                     
                ---------  ---------  ---------  --------- ---------                
                     INIT   0x000005    program     static C:\Users\Omar Abdeldayem\Desktop\NSCI\YEAR2\SEM2\AER201\MCU\aer201-mcu\main.X\main.asm
              START_STDBY   0x00002d    program     static C:\Users\Omar Abdeldayem\Desktop\NSCI\YEAR2\SEM2\AER201\MCU\aer201-mcu\main.X\main.asm
             _.org_1_0033   0x000033    program     static C:\Users\Omar Abdeldayem\Desktop\NSCI\YEAR2\SEM2\AER201\MCU\aer201-mcu\main.X\main.asm
                CALIBRATE   0x00003a    program     static C:\Users\Omar Abdeldayem\Desktop\NSCI\YEAR2\SEM2\AER201\MCU\aer201-mcu\main.X\main.asm
                     SCAN   0x000045    program     static C:\Users\Omar Abdeldayem\Desktop\NSCI\YEAR2\SEM2\AER201\MCU\aer201-mcu\main.X\main.asm
              RETURN_HOME   0x000050    program     static C:\Users\Omar Abdeldayem\Desktop\NSCI\YEAR2\SEM2\AER201\MCU\aer201-mcu\main.X\main.asm
             FINAL_BACKUP   0x000059    program     static C:\Users\Omar Abdeldayem\Desktop\NSCI\YEAR2\SEM2\AER201\MCU\aer201-mcu\main.X\main.asm
               STOP_STDBY   0x00005e    program     static C:\Users\Omar Abdeldayem\Desktop\NSCI\YEAR2\SEM2\AER201\MCU\aer201-mcu\main.X\main.asm
             _.org_1_0064   0x000064    program     static C:\Users\Omar Abdeldayem\Desktop\NSCI\YEAR2\SEM2\AER201\MCU\aer201-mcu\main.X\main.asm
              INT_HANDLER   0x000069    program     static C:\Users\Omar Abdeldayem\Desktop\NSCI\YEAR2\SEM2\AER201\MCU\aer201-mcu\main.X\main.asm
                 READ_IRS   0x000074    program     static C:\Users\Omar Abdeldayem\Desktop\NSCI\YEAR2\SEM2\AER201\MCU\aer201-mcu\main.X\main.asm
                  MX_LOOP   0x000076    program     static C:\Users\Omar Abdeldayem\Desktop\NSCI\YEAR2\SEM2\AER201\MCU\aer201-mcu\main.X\main.asm
                  NO_SPOT   0x000095    program     static C:\Users\Omar Abdeldayem\Desktop\NSCI\YEAR2\SEM2\AER201\MCU\aer201-mcu\main.X\main.asm
                  WHL_ENC   0x000099    program     static C:\Users\Omar Abdeldayem\Desktop\NSCI\YEAR2\SEM2\AER201\MCU\aer201-mcu\main.X\main.asm
                 ARM_CTRL   0x0000a0    program     static C:\Users\Omar Abdeldayem\Desktop\NSCI\YEAR2\SEM2\AER201\MCU\aer201-mcu\main.X\main.asm
                ARM_CLOSE   0x0000a5    program     static C:\Users\Omar Abdeldayem\Desktop\NSCI\YEAR2\SEM2\AER201\MCU\aer201-mcu\main.X\main.asm
                 ARM_OPEN   0x0000ad    program     static C:\Users\Omar Abdeldayem\Desktop\NSCI\YEAR2\SEM2\AER201\MCU\aer201-mcu\main.X\main.asm
               USONIC_SUP   0x0000b6    program     static C:\Users\Omar Abdeldayem\Desktop\NSCI\YEAR2\SEM2\AER201\MCU\aer201-mcu\main.X\main.asm
          USONIC_SUP_ECHO   0x0000b9    program     static C:\Users\Omar Abdeldayem\Desktop\NSCI\YEAR2\SEM2\AER201\MCU\aer201-mcu\main.X\main.asm
             _.org_1_00BA   0x0000ba    program     static C:\Users\Omar Abdeldayem\Desktop\NSCI\YEAR2\SEM2\AER201\MCU\aer201-mcu\main.X\main.asm
                  USHOLDL   0x0000bc    program     static C:\Users\Omar Abdeldayem\Desktop\NSCI\YEAR2\SEM2\AER201\MCU\aer201-mcu\main.X\main.asm
               USONIC_LAT   0x0000cb    program     static C:\Users\Omar Abdeldayem\Desktop\NSCI\YEAR2\SEM2\AER201\MCU\aer201-mcu\main.X\main.asm
          USONIC_LAT_ECHO   0x0000ce    program     static C:\Users\Omar Abdeldayem\Desktop\NSCI\YEAR2\SEM2\AER201\MCU\aer201-mcu\main.X\main.asm
             _.org_1_00CF   0x0000cf    program     static C:\Users\Omar Abdeldayem\Desktop\NSCI\YEAR2\SEM2\AER201\MCU\aer201-mcu\main.X\main.asm
                  USHOLDS   0x0000d1    program     static C:\Users\Omar Abdeldayem\Desktop\NSCI\YEAR2\SEM2\AER201\MCU\aer201-mcu\main.X\main.asm
             MOTOR_CTRL_R   0x0000e0    program     static C:\Users\Omar Abdeldayem\Desktop\NSCI\YEAR2\SEM2\AER201\MCU\aer201-mcu\main.X\main.asm
             MOTOR_CTRL_L   0x0000ee    program     static C:\Users\Omar Abdeldayem\Desktop\NSCI\YEAR2\SEM2\AER201\MCU\aer201-mcu\main.X\main.asm
                STOP_DATA   0x0000fa    program     static C:\Users\Omar Abdeldayem\Desktop\NSCI\YEAR2\SEM2\AER201\MCU\aer201-mcu\main.X\main.asm
                DATA_LOOP   0x00012a    program     static C:\Users\Omar Abdeldayem\Desktop\NSCI\YEAR2\SEM2\AER201\MCU\aer201-mcu\main.X\main.asm
                START_MSG   0x000131    program     static C:\Users\Omar Abdeldayem\Desktop\NSCI\YEAR2\SEM2\AER201\MCU\aer201-mcu\main.X\main.asm
           STOP_STDBY_MSG   0x00014e    program     static C:\Users\Omar Abdeldayem\Desktop\NSCI\YEAR2\SEM2\AER201\MCU\aer201-mcu\main.X\main.asm
                 WRT_DATA   0x00016b    program     static C:\Users\Omar Abdeldayem\Desktop\NSCI\YEAR2\SEM2\AER201\MCU\aer201-mcu\main.X\main.asm
           GET_START_TIME   0x000185    program     static C:\Users\Omar Abdeldayem\Desktop\NSCI\YEAR2\SEM2\AER201\MCU\aer201-mcu\main.X\main.asm
            GET_STOP_TIME   0x0001a0    program     static C:\Users\Omar Abdeldayem\Desktop\NSCI\YEAR2\SEM2\AER201\MCU\aer201-mcu\main.X\main.asm
                 SHOW_RTC   0x0001bb    program     static C:\Users\Omar Abdeldayem\Desktop\NSCI\YEAR2\SEM2\AER201\MCU\aer201-mcu\main.X\main.asm
             SET_RTC_TIME   0x00021a    program     static C:\Users\Omar Abdeldayem\Desktop\NSCI\YEAR2\SEM2\AER201\MCU\aer201-mcu\main.X\main.asm
                  DIV16X8   0x000282    program     static C:\Users\Omar Abdeldayem\Desktop\NSCI\YEAR2\SEM2\AER201\MCU\aer201-mcu\main.X\main.asm
                    DIV_1   0x000283    program     static C:\Users\Omar Abdeldayem\Desktop\NSCI\YEAR2\SEM2\AER201\MCU\aer201-mcu\main.X\main.asm
                   BORROW   0x000288    program     static C:\Users\Omar Abdeldayem\Desktop\NSCI\YEAR2\SEM2\AER201\MCU\aer201-mcu\main.X\main.asm
                    DIV_2   0x00028c    program     static C:\Users\Omar Abdeldayem\Desktop\NSCI\YEAR2\SEM2\AER201\MCU\aer201-mcu\main.X\main.asm
                 DIV_DONE   0x00028e    program     static C:\Users\Omar Abdeldayem\Desktop\NSCI\YEAR2\SEM2\AER201\MCU\aer201-mcu\main.X\main.asm
                   DEL_1S   0x00028f    program     static C:\Users\Omar Abdeldayem\Desktop\NSCI\YEAR2\SEM2\AER201\MCU\aer201-mcu\main.X\main.asm
                 DEL_1S_0   0x000295    program     static C:\Users\Omar Abdeldayem\Desktop\NSCI\YEAR2\SEM2\AER201\MCU\aer201-mcu\main.X\main.asm
             _.org_1_0296   0x000296    program     static C:\Users\Omar Abdeldayem\Desktop\NSCI\YEAR2\SEM2\AER201\MCU\aer201-mcu\main.X\main.asm
             _.org_1_0298   0x000298    program     static C:\Users\Omar Abdeldayem\Desktop\NSCI\YEAR2\SEM2\AER201\MCU\aer201-mcu\main.X\main.asm
             _.org_1_029B   0x00029b    program     static C:\Users\Omar Abdeldayem\Desktop\NSCI\YEAR2\SEM2\AER201\MCU\aer201-mcu\main.X\main.asm
             _.org_1_029C   0x00029c    program     static C:\Users\Omar Abdeldayem\Desktop\NSCI\YEAR2\SEM2\AER201\MCU\aer201-mcu\main.X\main.asm
                 DEL_10MS   0x00029e    program     static C:\Users\Omar Abdeldayem\Desktop\NSCI\YEAR2\SEM2\AER201\MCU\aer201-mcu\main.X\main.asm
               DEL_10MS_0   0x0002a2    program     static C:\Users\Omar Abdeldayem\Desktop\NSCI\YEAR2\SEM2\AER201\MCU\aer201-mcu\main.X\main.asm
             _.org_1_02A3   0x0002a3    program     static C:\Users\Omar Abdeldayem\Desktop\NSCI\YEAR2\SEM2\AER201\MCU\aer201-mcu\main.X\main.asm
             _.org_1_02A6   0x0002a6    program     static C:\Users\Omar Abdeldayem\Desktop\NSCI\YEAR2\SEM2\AER201\MCU\aer201-mcu\main.X\main.asm
                DEL_2_1MS   0x0002a9    program     static C:\Users\Omar Abdeldayem\Desktop\NSCI\YEAR2\SEM2\AER201\MCU\aer201-mcu\main.X\main.asm
              DEL_2_1MS_0   0x0002ad    program     static C:\Users\Omar Abdeldayem\Desktop\NSCI\YEAR2\SEM2\AER201\MCU\aer201-mcu\main.X\main.asm
             _.org_1_02AE   0x0002ae    program     static C:\Users\Omar Abdeldayem\Desktop\NSCI\YEAR2\SEM2\AER201\MCU\aer201-mcu\main.X\main.asm
             _.org_1_02B1   0x0002b1    program     static C:\Users\Omar Abdeldayem\Desktop\NSCI\YEAR2\SEM2\AER201\MCU\aer201-mcu\main.X\main.asm
                DEL_1_5MS   0x0002b4    program     static C:\Users\Omar Abdeldayem\Desktop\NSCI\YEAR2\SEM2\AER201\MCU\aer201-mcu\main.X\main.asm
              DEL_1_5MS_0   0x0002b8    program     static C:\Users\Omar Abdeldayem\Desktop\NSCI\YEAR2\SEM2\AER201\MCU\aer201-mcu\main.X\main.asm
             _.org_1_02B9   0x0002b9    program     static C:\Users\Omar Abdeldayem\Desktop\NSCI\YEAR2\SEM2\AER201\MCU\aer201-mcu\main.X\main.asm
             _.org_1_02BC   0x0002bc    program     static C:\Users\Omar Abdeldayem\Desktop\NSCI\YEAR2\SEM2\AER201\MCU\aer201-mcu\main.X\main.asm
                 DEL_20US   0x0002bf    program     static C:\Users\Omar Abdeldayem\Desktop\NSCI\YEAR2\SEM2\AER201\MCU\aer201-mcu\main.X\main.asm
               DEL_20US_0   0x0002c1    program     static C:\Users\Omar Abdeldayem\Desktop\NSCI\YEAR2\SEM2\AER201\MCU\aer201-mcu\main.X\main.asm
                   FINISH   0x0002c4    program     static C:\Users\Omar Abdeldayem\Desktop\NSCI\YEAR2\SEM2\AER201\MCU\aer201-mcu\main.X\main.asm
                  InitLCD   0x0002c5    program     extern C:\Users\Omar Abdeldayem\Desktop\NSCI\YEAR2\SEM2\AER201\MCU\aer201-mcu\main.X\lcd.asm
                  CLR_LCD   0x0002e3    program     extern C:\Users\Omar Abdeldayem\Desktop\NSCI\YEAR2\SEM2\AER201\MCU\aer201-mcu\main.X\lcd.asm
                   WR_INS   0x0002e6    program     extern C:\Users\Omar Abdeldayem\Desktop\NSCI\YEAR2\SEM2\AER201\MCU\aer201-mcu\main.X\lcd.asm
                  WR_DATA   0x0002f5    program     extern C:\Users\Omar Abdeldayem\Desktop\NSCI\YEAR2\SEM2\AER201\MCU\aer201-mcu\main.X\lcd.asm
             lcdLongDelay   0x000306    program     static C:\Users\Omar Abdeldayem\Desktop\NSCI\YEAR2\SEM2\AER201\MCU\aer201-mcu\main.X\lcd.asm
                 LLD_LOOP   0x000308    program     static C:\Users\Omar Abdeldayem\Desktop\NSCI\YEAR2\SEM2\AER201\MCU\aer201-mcu\main.X\lcd.asm
              _.code_0046   0x00030b    program     static C:\Users\Omar Abdeldayem\Desktop\NSCI\YEAR2\SEM2\AER201\MCU\aer201-mcu\main.X\lcd.asm
         i2c_common_setup   0x00030f    program     extern C:\Users\Omar Abdeldayem\Desktop\NSCI\YEAR2\SEM2\AER201\MCU\aer201-mcu\main.X\i2c_common.asm
              _.code_0010   0x00031f    program     static C:\Users\Omar Abdeldayem\Desktop\NSCI\YEAR2\SEM2\AER201\MCU\aer201-mcu\main.X\i2c_common.asm
                write_rtc   0x000321    program     extern C:\Users\Omar Abdeldayem\Desktop\NSCI\YEAR2\SEM2\AER201\MCU\aer201-mcu\main.X\i2c_common.asm
              _.code_0016   0x000325    program     static C:\Users\Omar Abdeldayem\Desktop\NSCI\YEAR2\SEM2\AER201\MCU\aer201-mcu\main.X\i2c_common.asm
              _.code_001E   0x00032d    program     static C:\Users\Omar Abdeldayem\Desktop\NSCI\YEAR2\SEM2\AER201\MCU\aer201-mcu\main.X\i2c_common.asm
              _.code_002E   0x00033d    program     static C:\Users\Omar Abdeldayem\Desktop\NSCI\YEAR2\SEM2\AER201\MCU\aer201-mcu\main.X\i2c_common.asm
              _.code_003E   0x00034d    program     static C:\Users\Omar Abdeldayem\Desktop\NSCI\YEAR2\SEM2\AER201\MCU\aer201-mcu\main.X\i2c_common.asm
                   WR_ERR   0x000355    program     static C:\Users\Omar Abdeldayem\Desktop\NSCI\YEAR2\SEM2\AER201\MCU\aer201-mcu\main.X\i2c_common.asm
                   WR_END   0x000356    program     static C:\Users\Omar Abdeldayem\Desktop\NSCI\YEAR2\SEM2\AER201\MCU\aer201-mcu\main.X\i2c_common.asm
              _.code_004B   0x00035a    program     static C:\Users\Omar Abdeldayem\Desktop\NSCI\YEAR2\SEM2\AER201\MCU\aer201-mcu\main.X\i2c_common.asm
                 read_rtc   0x00035c    program     extern C:\Users\Omar Abdeldayem\Desktop\NSCI\YEAR2\SEM2\AER201\MCU\aer201-mcu\main.X\i2c_common.asm
              _.code_0051   0x000360    program     static C:\Users\Omar Abdeldayem\Desktop\NSCI\YEAR2\SEM2\AER201\MCU\aer201-mcu\main.X\i2c_common.asm
              _.code_0059   0x000368    program     static C:\Users\Omar Abdeldayem\Desktop\NSCI\YEAR2\SEM2\AER201\MCU\aer201-mcu\main.X\i2c_common.asm
              _.code_0069   0x000378    program     static C:\Users\Omar Abdeldayem\Desktop\NSCI\YEAR2\SEM2\AER201\MCU\aer201-mcu\main.X\i2c_common.asm
              _.code_0074   0x000383    program     static C:\Users\Omar Abdeldayem\Desktop\NSCI\YEAR2\SEM2\AER201\MCU\aer201-mcu\main.X\i2c_common.asm
              _.code_007C   0x00038b    program     static C:\Users\Omar Abdeldayem\Desktop\NSCI\YEAR2\SEM2\AER201\MCU\aer201-mcu\main.X\i2c_common.asm
              _.code_0087   0x000396    program     static C:\Users\Omar Abdeldayem\Desktop\NSCI\YEAR2\SEM2\AER201\MCU\aer201-mcu\main.X\i2c_common.asm
              _.code_0093   0x0003a2    program     static C:\Users\Omar Abdeldayem\Desktop\NSCI\YEAR2\SEM2\AER201\MCU\aer201-mcu\main.X\i2c_common.asm
                   RD_ERR   0x0003a4    program     static C:\Users\Omar Abdeldayem\Desktop\NSCI\YEAR2\SEM2\AER201\MCU\aer201-mcu\main.X\i2c_common.asm
                   RD_END   0x0003a5    program     static C:\Users\Omar Abdeldayem\Desktop\NSCI\YEAR2\SEM2\AER201\MCU\aer201-mcu\main.X\i2c_common.asm
              _.code_009A   0x0003a9    program     static C:\Users\Omar Abdeldayem\Desktop\NSCI\YEAR2\SEM2\AER201\MCU\aer201-mcu\main.X\i2c_common.asm
              rtc_convert   0x0003ab    program     extern C:\Users\Omar Abdeldayem\Desktop\NSCI\YEAR2\SEM2\AER201\MCU\aer201-mcu\main.X\i2c_common.asm
                p2p_write   0x0003b9    program     extern C:\Users\Omar Abdeldayem\Desktop\NSCI\YEAR2\SEM2\AER201\MCU\aer201-mcu\main.X\i2c_common.asm
              _.code_00AE   0x0003bd    program     static C:\Users\Omar Abdeldayem\Desktop\NSCI\YEAR2\SEM2\AER201\MCU\aer201-mcu\main.X\i2c_common.asm
              _.code_00B6   0x0003c5    program     static C:\Users\Omar Abdeldayem\Desktop\NSCI\YEAR2\SEM2\AER201\MCU\aer201-mcu\main.X\i2c_common.asm
              _.code_00C6   0x0003d5    program     static C:\Users\Omar Abdeldayem\Desktop\NSCI\YEAR2\SEM2\AER201\MCU\aer201-mcu\main.X\i2c_common.asm
                    W_END   0x0003dd    program     static C:\Users\Omar Abdeldayem\Desktop\NSCI\YEAR2\SEM2\AER201\MCU\aer201-mcu\main.X\i2c_common.asm
              _.code_00D2   0x0003e1    program     static C:\Users\Omar Abdeldayem\Desktop\NSCI\YEAR2\SEM2\AER201\MCU\aer201-mcu\main.X\i2c_common.asm
                 p2p_read   0x0003e3    program     extern C:\Users\Omar Abdeldayem\Desktop\NSCI\YEAR2\SEM2\AER201\MCU\aer201-mcu\main.X\i2c_common.asm
              _.code_00D8   0x0003e7    program     static C:\Users\Omar Abdeldayem\Desktop\NSCI\YEAR2\SEM2\AER201\MCU\aer201-mcu\main.X\i2c_common.asm
              _.code_00E0   0x0003ef    program     static C:\Users\Omar Abdeldayem\Desktop\NSCI\YEAR2\SEM2\AER201\MCU\aer201-mcu\main.X\i2c_common.asm
              _.code_00EB   0x0003fa    program     static C:\Users\Omar Abdeldayem\Desktop\NSCI\YEAR2\SEM2\AER201\MCU\aer201-mcu\main.X\i2c_common.asm
              _.code_00F7   0x000406    program     static C:\Users\Omar Abdeldayem\Desktop\NSCI\YEAR2\SEM2\AER201\MCU\aer201-mcu\main.X\i2c_common.asm
                    R_END   0x000407    program     static C:\Users\Omar Abdeldayem\Desktop\NSCI\YEAR2\SEM2\AER201\MCU\aer201-mcu\main.X\i2c_common.asm
              _.code_00FC   0x00040b    program     static C:\Users\Omar Abdeldayem\Desktop\NSCI\YEAR2\SEM2\AER201\MCU\aer201-mcu\main.X\i2c_common.asm
                  lcd_tmp   0x000070       data     static C:\Users\Omar Abdeldayem\Desktop\NSCI\YEAR2\SEM2\AER201\MCU\aer201-mcu\main.X\lcd.asm
                   lcd_d1   0x000071       data     static C:\Users\Omar Abdeldayem\Desktop\NSCI\YEAR2\SEM2\AER201\MCU\aer201-mcu\main.X\lcd.asm
                   lcd_d2   0x000072       data     static C:\Users\Omar Abdeldayem\Desktop\NSCI\YEAR2\SEM2\AER201\MCU\aer201-mcu\main.X\lcd.asm
                      com   0x000073       data     static C:\Users\Omar Abdeldayem\Desktop\NSCI\YEAR2\SEM2\AER201\MCU\aer201-mcu\main.X\lcd.asm
                      dat   0x000074       data     static C:\Users\Omar Abdeldayem\Desktop\NSCI\YEAR2\SEM2\AER201\MCU\aer201-mcu\main.X\lcd.asm


